<html>
<body>
<pre>
<h1>µVision Build Log</h1>
<h2>Project:</h2>
D:\Work\Vars\20130909_LinearGuideMainController\LinearGuideMainController_Firmware\Project\MainController.uvproj
Project File Date:  09/10/2013

<h2>Output:</h2>
Build target 'MainController'
compiling stepper.c...
linking...
Program Size: Code=15394 RO-data=558 RW-data=84 ZI-data=1228  
FromELF: creating hex file...
".\output\MainController.axf" - 0 Error(s), 0 Warning(s).
compiling stepper.c...
source\user\stepper.c - 0 Error(s), 0 Warning(s).
Build target 'MainController'
linking...
Program Size: Code=15394 RO-data=558 RW-data=84 ZI-data=1228  
FromELF: creating hex file...
".\output\MainController.axf" - 0 Error(s), 0 Warning(s).
Build target 'MainController'
linking...
Program Size: Code=15394 RO-data=558 RW-data=84 ZI-data=1228  
FromELF: creating hex file...
".\output\MainController.axf" - 0 Error(s), 0 Warning(s).
Build target 'MainController'
linking...
Program Size: Code=15394 RO-data=558 RW-data=84 ZI-data=1228  
FromELF: creating hex file...
".\output\MainController.axf" - 0 Error(s), 0 Warning(s).
Load "D:\\Work\\Vars\\20130909_LinearGuideMainController\\LinearGuideMainController_Firmware\\Project\\output\\MainController.axf" 
Load "D:\\Work\\Vars\\20130909_LinearGuideMainController\\LinearGuideMainController_Firmware\\Project\\output\\MainController.axf" 
Erase Done.
Programming Done.
Verify OK.
Application running ...
Build target 'MainController'
compiling stepper.c...
source\user\stepper.c(399): error:  #268: declaration may not appear after executable statement in block
Target not created
Build target 'MainController'
compiling stepper.c...
linking...
Program Size: Code=15398 RO-data=558 RW-data=84 ZI-data=1228  
FromELF: creating hex file...
".\output\MainController.axf" - 0 Error(s), 0 Warning(s).
Load "D:\\Work\\Vars\\20130909_LinearGuideMainController\\LinearGuideMainController_Firmware\\Project\\output\\MainController.axf" 
Erase Done.
Programming Done.
Verify OK.
Application running ...
Build target 'MainController'
compiling stepper.c...
linking...
Program Size: Code=15398 RO-data=558 RW-data=84 ZI-data=1228  
FromELF: creating hex file...
".\output\MainController.axf" - 0 Error(s), 0 Warning(s).
Load "D:\\Work\\Vars\\20130909_LinearGuideMainController\\LinearGuideMainController_Firmware\\Project\\output\\MainController.axf" 
Erase Done.
Programming Done.
Verify OK.
Application running ...
Build target 'MainController'
compiling stepper.c...
linking...
Program Size: Code=15426 RO-data=558 RW-data=84 ZI-data=1228  
FromELF: creating hex file...
".\output\MainController.axf" - 0 Error(s), 0 Warning(s).
Build target 'MainController'
compiling stepper.c...
linking...
Program Size: Code=15406 RO-data=558 RW-data=84 ZI-data=1228  
FromELF: creating hex file...
".\output\MainController.axf" - 0 Error(s), 0 Warning(s).
Load "D:\\Work\\Vars\\20130909_LinearGuideMainController\\LinearGuideMainController_Firmware\\Project\\output\\MainController.axf" 
Erase Done.
Programming Done.
Verify OK.
Application running ...
Build target 'MainController'
compiling stepper.c...
linking...
Program Size: Code=15446 RO-data=558 RW-data=84 ZI-data=1228  
FromELF: creating hex file...
".\output\MainController.axf" - 0 Error(s), 0 Warning(s).
Load "D:\\Work\\Vars\\20130909_LinearGuideMainController\\LinearGuideMainController_Firmware\\Project\\output\\MainController.axf" 
Erase Done.
Programming Done.
Verify OK.
Application running ...
